###############################################################################
#
# IAR ELF Linker V9.32.1.338/W64 for ARM                  04/May/2023  16:43:14
# Copyright 2007-2022 IAR Systems AB.
#
#    Output file  =
#        C:\Users\shukl\Documents\Sem-6\ESD\Project\TempSensor\Debug\Exe\tempsensor.out
#    Map file     =
#        C:\Users\shukl\Documents\Sem-6\ESD\Project\TempSensor\Debug\List\tempsensor.map
#    Command line =
#        -f
#        C:\Users\shukl\Documents\Sem-6\ESD\Project\TempSensor\Debug\Exe\tempsensor.out.rsp
#        (C:\Users\shukl\Documents\Sem-6\ESD\Project\TempSensor\Debug\Obj\main.o
#        --no_out_extension -o
#        C:\Users\shukl\Documents\Sem-6\ESD\Project\TempSensor\Debug\Exe\tempsensor.out
#        --redirect _Printf=_PrintfFullNoMb --redirect _Scanf=_ScanfFullNoMb
#        --map
#        C:\Users\shukl\Documents\Sem-6\ESD\Project\TempSensor\Debug\List\tempsensor.map
#        --config "C:\Program Files\IAR Systems\Embedded Workbench
#        9.1\arm/config/linker/TexasInstruments/TM4C123GH6.icf" --semihosting
#        --entry __iar_program_start --vfe --text_out locale --cpu=Cortex-M4
#        --fpu=VFPv4_sp)
#
###############################################################################

*******************************************************************************
*** RUNTIME MODEL ATTRIBUTES
***

CppFlavor       = *
__CPP_Runtime   = 1
__SystemLibrary = DLib
__dlib_version  = 6


*******************************************************************************
*** HEAP SELECTION
***

The basic heap was selected because --advanced_heap
was not specified and the application did not appear to
be primarily optimized for speed.


*******************************************************************************
*** PLACEMENT SUMMARY
***

"A0":  place at address 0x0 { ro section .intvec };
"P1":  place in [from 0x0 to 0x3'ffff] { ro };
define block CSTACK with size = 4K, alignment = 8 { };
define block HEAP with size = 8K, alignment = 8 { };
"P2":  place in [from 0x2000'0000 to 0x2000'7fff] {
          rw, block CSTACK, block HEAP };
initialize by copy { rw };

  Section            Kind         Address    Size  Object
  -------            ----         -------    ----  ------
"A0":                                        0x40
  .intvec            ro code          0x0    0x40  vector_table_M.o [4]
                                   - 0x40    0x40

"P1":                                      0x213c
  .text              ro code         0x40   0xeae  xprintffull_nomb.o [2]
  .text              ro code        0xeee    0x2a  copy_init3.o [4]
  .text              ro code        0xf18    0x16  strchr.o [4]
  .text              ro code        0xf2e     0x2  vectortrap_M.o [4]
  .text              ro code        0xf30    0x40  xfail_s.o [2]
  .text              ro code        0xf70    0x36  strlen.o [4]
  .text              ro code        0xfa8    0x58  memchr.o [4]
  .text              ro code       0x1000    0x76  ABImemcpy_unaligned.o [4]
  .text              ro code       0x1078    0x70  frexp.o [3]
  .text              ro code       0x10e8    0x34  DblCmpLe.o [3]
  .text              ro code       0x111c    0x34  DblCmpGe.o [3]
  .text              ro code       0x1150   0x13a  ldexp.o [3]
  .text              ro code       0x128c    0x36  DblToS32.o [3]
  .text              ro code       0x12c4    0x22  S32ToDbl.o [3]
  .text              ro code       0x12e8   0x25e  DblAddSub.o [3]
  .text              ro code       0x1548   0x246  DblDiv.o [3]
  .text              ro code       0x1790    0x22  DblToU32.o [3]
  .text              ro code       0x17b4    0x1c  U32ToDbl.o [3]
  .text              ro code       0x17d0   0x1aa  DblMul.o [3]
  .text              ro code       0x197c   0x230  I64DivMod.o [4]
  .text              ro code       0x1bac     0x6  abort.o [2]
  .text              ro code       0x1bb4     0x2  I64DivZer.o [4]
  .text              ro code       0x1bb8    0x14  exit.o [5]
  .text              ro code       0x1bcc    0x7c  iarttio.o [5]
  .text              ro code       0x1c48     0x8  XShttio.o [2]
  .text              ro code       0x1c50   0x2c4  main.o [1]
  .text              ro code       0x1f14    0x48  FltToDbl.o [3]
  .text              ro code       0x1f5c    0x68  DblToFlt.o [3]
  .text              ro code       0x1fc4    0x28  printf.o [2]
  .text              ro code       0x1fec    0x28  data_init.o [4]
  .text              ro code       0x2014    0x22  fpinit_M.o [3]
  .text              ro code       0x2036    0x22  iarwrite.o [5]
  .iar.init_table    const         0x2058    0x14  - Linker created -
  .text              ro code       0x206c    0x20  putchar.o [2]
  .text              ro code       0x208c    0x10  write.o [5]
  .text              ro code       0x209c    0x1e  dwrite.o [5]
  .text              ro code       0x20ba    0x20  iarwstd.o [5]
  .text              ro code       0x20dc    0x1e  cmain.o [4]
  .text              ro code       0x20fa     0x4  low_level_init.o [2]
  .text              ro code       0x20fe     0x4  exit.o [2]
  .text              ro code       0x2104     0xa  cexit.o [4]
  .rodata            const         0x2110    0x1c  main.o [1]
  .text              ro code       0x212c    0x1c  cstartup_M.o [4]
  .text              ro code       0x2148    0x16  xprout.o [2]
  .rodata            const         0x2160    0x10  main.o [1]
  Initializer bytes  const         0x2170     0xc  <for P2-1>
  .rodata            const         0x217c     0x0  copy_init3.o [4]
                                 - 0x217c  0x213c

"P2", part 1 of 2:                            0xc
  P2-1                        0x2000'0000     0xc  <Init block>
    .data            inited   0x2000'0000     0x8  XShttio.o [2]
    .bss             inited   0x2000'0008     0x4  xfail_s.o [2]
                            - 0x2000'000c     0xc

"P2", part 2 of 2:                         0x1000
  CSTACK                      0x2000'0010  0x1000  <Block>
    CSTACK           uninit   0x2000'0010  0x1000  <Block tail>
                            - 0x2000'1010  0x1000

Unused ranges:

         From           To      Size
         ----           --      ----
       0x217c     0x3'ffff  0x3'de84
  0x2000'000c  0x2000'000f       0x4
  0x2000'1010  0x2000'7fff    0x6ff0


*******************************************************************************
*** INIT TABLE
***

          Address      Size
          -------      ----
Copy (__iar_copy_init3)
    1 source range, total size 0xc:
               0x2170   0xc
    1 destination range, total size 0xc:
          0x2000'0000   0xc



*******************************************************************************
*** MODULE SUMMARY
***

    Module                 ro code  ro data  rw data
    ------                 -------  -------  -------
command line/config:
    ------------------------------------------------
    Total:

C:\Users\shukl\Documents\Sem-6\ESD\Project\TempSensor\Debug\Obj: [1]
    main.o                     708       44
    ------------------------------------------------
    Total:                     708       44

dl7M_tln.a: [2]
    XShttio.o                    8        8        8
    abort.o                      6
    exit.o                       4
    low_level_init.o             4
    printf.o                    40
    putchar.o                   32
    xfail_s.o                   64        4        4
    xprintffull_nomb.o       3'758
    xprout.o                    22
    ------------------------------------------------
    Total:                   3'938       12       12

m7M_tls.a: [3]
    DblAddSub.o                606
    DblCmpGe.o                  52
    DblCmpLe.o                  52
    DblDiv.o                   582
    DblMul.o                   426
    DblToFlt.o                 104
    DblToS32.o                  54
    DblToU32.o                  34
    FltToDbl.o                  72
    S32ToDbl.o                  34
    U32ToDbl.o                  28
    fpinit_M.o                  34
    frexp.o                    112
    ldexp.o                    314
    ------------------------------------------------
    Total:                   2'504

rt7M_tl.a: [4]
    ABImemcpy_unaligned.o      118
    I64DivMod.o                560
    I64DivZer.o                  2
    cexit.o                     10
    cmain.o                     30
    copy_init3.o                42
    cstartup_M.o                28
    data_init.o                 40
    memchr.o                    88
    strchr.o                    22
    strlen.o                    54
    vector_table_M.o            64
    vectortrap_M.o               2
    ------------------------------------------------
    Total:                   1'060

shb_l.a: [5]
    dwrite.o                    30
    exit.o                      20
    iarttio.o                  124
    iarwrite.o                  34
    iarwstd.o                   32
    write.o                     16
    ------------------------------------------------
    Total:                     256

    Gaps                        26        4
    Linker created                       20    4'096
----------------------------------------------------
    Grand Total:             8'492       80    4'108


*******************************************************************************
*** ENTRY LIST
***

Entry                       Address   Size  Type      Object
-----                       -------   ----  ----      ------
.iar.init_table$$Base        0x2058          --   Gb  - Linker created -
.iar.init_table$$Limit       0x206c          --   Gb  - Linker created -
?main                        0x20dd         Code  Gb  cmain.o [4]
BusFault_Handler              0xf2f         Code  Wk  vectortrap_M.o [4]
CSTACK$$Base            0x2000'0010          --   Gb  - Linker created -
CSTACK$$Limit           0x2000'1010          --   Gb  - Linker created -
DebugMon_Handler              0xf2f         Code  Wk  vectortrap_M.o [4]
HardFault_Handler             0xf2f         Code  Wk  vectortrap_M.o [4]
MemManage_Handler             0xf2f         Code  Wk  vectortrap_M.o [4]
NMI_Handler                   0xf2f         Code  Wk  vectortrap_M.o [4]
PendSV_Handler                0xf2f         Code  Wk  vectortrap_M.o [4]
Region$$Table$$Base          0x2058          --   Gb  - Linker created -
Region$$Table$$Limit         0x206c          --   Gb  - Linker created -
SVC_Handler                   0xf2f         Code  Wk  vectortrap_M.o [4]
SysTick_Handler               0xf2f         Code  Wk  vectortrap_M.o [4]
UsageFault_Handler            0xf2f         Code  Wk  vectortrap_M.o [4]
_LC                            0x41    0x6  Code  Lc  xprintffull_nomb.o [2]
_LitobFullNoMb                0xd0d  0x114  Code  Lc  xprintffull_nomb.o [2]
_PrintfFullNoMb                0x47  0xc98  Code  Gb  xprintffull_nomb.o [2]
_Prout                       0x2149   0x16  Code  Gb  xprout.o [2]
_PutcharsFullNoMb             0xe79   0x2e  Code  Lc  xprintffull_nomb.o [2]
__aeabi_cdcmple              0x10e9         Code  Gb  DblCmpLe.o [3]
__aeabi_cdrcmple             0x111d         Code  Gb  DblCmpGe.o [3]
__aeabi_d2f                  0x1f5d         Code  Gb  DblToFlt.o [3]
__aeabi_d2iz                 0x128d         Code  Gb  DblToS32.o [3]
__aeabi_d2uiz                0x1791         Code  Gb  DblToU32.o [3]
__aeabi_dadd                 0x12e9         Code  Gb  DblAddSub.o [3]
__aeabi_ddiv                 0x1549         Code  Gb  DblDiv.o [3]
__aeabi_dmul                 0x17d1         Code  Gb  DblMul.o [3]
__aeabi_dsub                 0x1465         Code  Gb  DblAddSub.o [3]
__aeabi_f2d                  0x1f15         Code  Gb  FltToDbl.o [3]
__aeabi_i2d                  0x12c5         Code  Gb  S32ToDbl.o [3]
__aeabi_ldiv0                0x1bb5         Code  Gb  I64DivZer.o [4]
__aeabi_ui2d                 0x17b5         Code  Gb  U32ToDbl.o [3]
__aeabi_uldivmod             0x197d         Code  Gb  I64DivMod.o [4]
__cmain                      0x20dd         Code  Gb  cmain.o [4]
__dwrite                     0x209d   0x1e  Code  Gb  dwrite.o [5]
__exit                       0x1bb9   0x14  Code  Gb  exit.o [5]
__iar_Fail_s                  0xf31   0x1c  Code  Gb  xfail_s.o [2]
__iar_Memchr                  0xfa9         Code  Gb  memchr.o [4]
__iar_Strchr                  0xf19         Code  Gb  strchr.o [4]
__iar_close_ttio             0x1bcd   0x2c  Code  Gb  iarttio.o [5]
__iar_copy_init3              0xeef   0x2a  Code  Gb  copy_init3.o [4]
__iar_data_init3             0x1fed   0x28  Code  Gb  data_init.o [4]
__iar_frexp                  0x1085         Code  Gb  frexp.o [3]
__iar_frexpl                 0x1085         Code  Gb  frexp.o [3]
__iar_get_ttio               0x1bf9   0x4c  Code  Gb  iarttio.o [5]
__iar_init_vfp               0x2015         Code  Gb  fpinit_M.o [3]
__iar_ldexp64                0x1151         Code  Gb  ldexp.o [3]
__iar_lookup_ttioh           0x1c49    0x8  Code  Gb  XShttio.o [2]
__iar_program_start          0x212d         Code  Gb  cstartup_M.o [4]
__iar_scalbln64              0x1151         Code  Gb  ldexp.o [3]
__iar_scalbn64               0x1151         Code  Gb  ldexp.o [3]
__iar_sh_stdout              0x20bb   0x20  Code  Gb  iarwstd.o [5]
__iar_sh_write               0x2037   0x22  Code  Gb  iarwrite.o [5]
__iar_softfp___iar_frexp64
                             0x1079         Code  Gb  frexp.o [3]
__iar_softfp_frexp           0x1079         Code  Gb  frexp.o [3]
__iar_softfp_frexpl          0x1079         Code  Gb  frexp.o [3]
__iar_ttio_handles      0x2000'0000    0x8  Data  Lc  XShttio.o [2]
__iar_unaligned_memcpy       0x1001         Code  Gb  ABImemcpy_unaligned.o [4]
__iar_unaligned_memcpy4
                             0x1021         Code  Gb  ABImemcpy_unaligned.o [4]
__iar_unaligned_memcpy8
                             0x1021         Code  Gb  ABImemcpy_unaligned.o [4]
__low_level_init             0x20fb    0x4  Code  Gb  low_level_init.o [2]
__vector_table                  0x0         Data  Gb  vector_table_M.o [4]
__write                      0x208d   0x10  Code  Gb  write.o [5]
_call_main                   0x20e9         Code  Gb  cmain.o [4]
_exit                        0x2105         Code  Gb  cexit.o [4]
abort                        0x1bad    0x6  Code  Gb  abort.o [2]
delay                        0x1c51   0x38  Code  Gb  main.o [1]
exit                         0x20ff    0x4  Code  Gb  exit.o [2]
ldexp                        0x1151         Code  Gb  ldexp.o [3]
ldexpl                       0x1151         Code  Gb  ldexp.o [3]
main                         0x1c89  0x1ec  Code  Gb  main.o [1]
memchr                        0xfa9         Code  Gb  memchr.o [4]
printf                       0x1fc5   0x28  Code  Gb  printf.o [2]
putchar                      0x206d   0x20  Code  Gb  putchar.o [2]
scalbln                      0x1151         Code  Gb  ldexp.o [3]
scalblnl                     0x1151         Code  Gb  ldexp.o [3]
scalbn                       0x1151         Code  Gb  ldexp.o [3]
scalbnl                      0x1151         Code  Gb  ldexp.o [3]
scale                         0xe21   0x46  Code  Lc  xprintffull_nomb.o [2]
sec_hand                0x2000'0008    0x4  Data  Lc  xfail_s.o [2]
strchr                        0xf19         Code  Gb  strchr.o [4]
strlen                        0xf71         Code  Gb  strlen.o [4]


[1] = C:\Users\shukl\Documents\Sem-6\ESD\Project\TempSensor\Debug\Obj
[2] = dl7M_tln.a
[3] = m7M_tls.a
[4] = rt7M_tl.a
[5] = shb_l.a

  8'492 bytes of readonly  code memory
     80 bytes of readonly  data memory
  4'108 bytes of readwrite data memory

Errors: none
Warnings: none
